[Bootstrap]
SetupTitle=Instalar
SetupText=Copiando archivos, espere.
CabFile=contabilidad2006.CAB
Spawn=Setup1.exe
Uninstal=st6unst.exe
TmpDir=msftqws.pdw
Cabs=1

[Bootstrap Files]
File1=@VB6STKIT.DLL,$(WinSysPathSysFile),,,7-14-00 11:00:00 PM,101888,6.0.84.50
File2=@COMCAT.DLL,$(WinSysPathSysFile),$(DLLSelfRegister),,5-31-98 11:00:00 PM,22288,4.71.1460.1
File3=@MSVCRT40.DLL,$(WinSysPathSysFile),,,5-31-98 11:00:00 PM,326656,4.21.0.0
File4=@VB6ES.DLL,$(WinSysPath),,$(Shared),10-1-00 11:00:00 PM,119568,6.0.89.88
File5=@stdole2.tlb,$(WinSysPathSysFile),$(TLBRegister),,9-24-02 3:00:00 AM,17920,3.50.5014.0
File6=@asycfilt.dll,$(WinSysPathSysFile),,,8-19-04 11:41:46 AM,65024,5.1.2600.2180
File7=@olepro32.dll,$(WinSysPathSysFile),$(DLLSelfRegister),,8-19-04 11:42:22 AM,83456,5.1.2600.2180
File8=@oleaut32.dll,$(WinSysPathSysFile),$(DLLSelfRegister),,8-19-04 11:42:22 AM,553472,5.1.2600.2180
File9=@msvbvm60.dll,$(WinSysPathSysFile),$(DLLSelfRegister),,2-22-04 11:00:00 PM,1386496,6.0.97.82

[IconGroups]
Group0=contabilidadXP
PrivateGroup0=Falso
Parent0=$(Programs)

[contabilidadXP]
Icon1="contabilidad2006.exe"
Title1=contabilidadXP
StartIn1=$(AppPath)

[Setup]
Title=contabilidadXP
DefaultDir=$(ProgramFiles)\contabilidad2006
AppExe=contabilidad2006.exe
AppToUninstall=contabilidad2006.exe

[Setup1 Files]
File1=@MDAC_TYP.EXE,$(AppPath),,$(Shared),8-6-98 11:00:00 PM,6477888,4.72.3110.0
File2=@Frame-Xp.ocx,$(WinSysPath),$(DLLSelfRegister),$(Shared),7-12-06 1:36:00 AM,77824,1.0.0.0
File3=@CLBUTN.OCX,$(WinSysPath),$(DLLSelfRegister),$(Shared),8-10-05 9:19:02 PM,348160,2.1.0.0
File4=@MSCMCES.DLL,$(WinSysPath),,$(Shared),7-28-98 12:00:00 AM,140800,6.0.81.63
File5=@MSCOMCTL.OCX,$(WinSysPath),$(DLLSelfRegister),$(Shared),3-9-04 5:45:46 PM,1081616,6.1.97.82
File6=@MSMSKES.DLL,$(WinSysPath),,$(Shared),7-28-98 12:00:00 AM,20480,6.0.81.63
File7=@msmask32.ocx,$(WinSysPath),$(DLLSelfRegister),$(Shared),5-22-00 3:58:12 PM,166600,6.0.84.18
File8=@TABCTES.DLL,$(WinSysPath),,$(Shared),7-27-98 11:00:00 PM,21504,6.0.81.63
File9=@TABCTL32.OCX,$(WinSysPath),$(DLLSelfRegister),$(Shared),6-23-98 11:00:00 PM,209192,6.0.81.69
File10=@MSCAL.OCX,$(WinSysPath),$(DLLSelfRegisterEx),$(Shared),5-6-98 11:00:00 PM,89600,8.0.0.5007
File11=@FlexCell.ocx,$(WinSysPath),$(DLLSelfRegister),$(Shared),5-18-06 3:41:06 PM,1970176,5.1.0.0
File12=@CMDLGES.DLL,$(WinSysPath),,$(Shared),7-28-98 12:00:00 AM,33280,6.0.81.63
File13=@COMDLG32.OCX,$(WinSysPath),$(DLLSelfRegister),$(Shared),3-9-04 5:45:36 PM,152848,6.1.97.82
File14=@DATGDES.DLL,$(WinSysPath),,$(Shared),7-28-98 12:00:00 AM,30208,6.0.81.63
File15=@msstdfmt.dll,$(WinSysPath),$(DLLSelfRegister),$(Shared),4-3-00 7:05:58 PM,118784,6.0.88.4
File16=@MSDATGRD.OCX,$(WinSysPath),$(DLLSelfRegister),$(Shared),6-24-98 12:00:00 AM,260920,6.0.81.69
File17=@MSHFGES.DLL,$(WinSysPath),,$(Shared),7-23-98 12:00:00 AM,50176,6.0.30.5
File18=@MSHFLXGD.OCX,$(WinSysPath),$(DLLSelfRegister),$(Shared),6-24-98 12:00:00 AM,407104,6.0.30.5
File19=@ADODCES.DLL,$(WinSysPath),,$(Shared),7-28-98 12:00:00 AM,15872,6.0.81.63
File20=@MSADODC.OCX,$(WinSysPath),$(DLLSelfRegister),$(Shared),6-24-98 12:00:00 AM,118064,6.0.81.71
File21=@AYUDA.dll,$(WinSysPath),$(DLLSelfRegister),$(Shared),8-30-06 1:28:38 AM,69632,1.0.0.0
File22=@LibGuga32.dll,$(WinSysPath),$(DLLSelfRegister),$(Shared),3-22-04 2:29:00 PM,28672,1.0.0.6
File23=@RDO20ES.DLL,$(WinSysPath),,$(Shared),7-28-98 12:00:00 AM,66048,6.0.81.63
File24=@RDOCURS.DLL,$(WinSysPath),,$(Shared),4-3-00 5:52:54 PM,151552,6.0.88.4
File25=@MSRDO20.DLL,$(WinSysPath),$(DLLSelfRegister),$(Shared),5-11-00 1:06:20 PM,397312,6.0.88.62
File26=@MSBIND.DLL,$(WinSysPath),$(DLLSelfRegister),$(Shared),6-18-98 12:00:00 AM,77824,6.0.81.69
File27=@msado20.tlb,$(WinSysPath),,$(Shared),8-3-04 6:21:44 PM,61440,2.81.1117.0
File28=@VB5DB.DLL,$(WinSysPath),,$(Shared),6-18-98 12:00:00 AM,89360,6.0.81.69
File29=@MSREPL35.DLL,$(WinSysPathSysFile),,,4-25-98 12:00:00 AM,407312,3.51.623.0
File30=@MSRD2X35.DLL,$(WinSysPathSysFile),$(DLLSelfRegister),,4-25-98 12:00:00 AM,252176,3.51.623.0
File31=@expsrv.dll,$(WinSysPathSysFile),,,8-19-04 11:42:08 AM,380957,6.0.72.9589
File32=@vbajet32.dll,$(WinSysPathSysFile),,,8-19-04 11:42:28 AM,30749,6.0.1.9431
File33=@MSJINT35.DLL,$(WinSysPathSysFile),,,7-8-98 12:00:00 AM,146192,3.51.623.0
File34=@MSJTER35.DLL,$(WinSysPathSysFile),,,4-25-98 12:00:00 AM,24848,3.51.623.0
File35=@MSJET35.DLL,$(WinSysPathSysFile),$(DLLSelfRegister),,4-25-98 12:00:00 AM,1045776,3.51.623.4
File36=@DAO350.DLL,$(MSDAOPath),$(DLLSelfRegister),$(Shared),4-28-98 12:00:00 AM,570128,3.51.1608.0
File37=@msimg32.dll,$(WinSysPath),,$(Shared),8-19-04 11:42:16 AM,4608,5.1.2600.2180
File38=@contabilidad2006.exe,$(AppPath),,$(Shared),6-9-07 2:37:36 PM,6172672,1.0.0.0

; Puede eliminar las siguientes líneas para obtener espacio adicional 
; con el fin de personalizar este archivo en un disco de instalación completa.
; 
; XXXXXXXXXXXXXXXXXXXXXXXXXXXXXXXXXXXXXXXXXXXXXXXXXXXXXXXXXXXX
; XXXXXXXXXXXXXXXXXXXXXXXXXXXXXXXXXXXXXXXXXXXXXXXXXXXXXXXXXXXX
; XXXXXXXXXXXXXXXXXXXXXXXXXXXXXXXXXXXXXXXXXXXXXXXXXXXXXXXXXXXX
; XXXXXXXXXXXXXXXXXXXXXXXXXXXXXXXXXXXXXXXXXXXXXXXXXXXXXXXXXXXX
; XXXXXXXXXXXXXXXXXXXXXXXXXXXXXXXXXXXXXXXXXXXXXXXXXXXXXXXXXXXX
; XXXXXXXXXXXXXXXXXXXXXXXXXXXXXXXXXXXXXXXXXXXXXXXXXXXXXXXXXXXX
; XXXXXXXXXXXXXXXXXXXXXXXXXXXXXXXXXXXXXXXXXXXXXXXXXXXXXXXXXXXX
; XXXXXXXXXXXXXXXXXXXXXXXXXXXXXXXXXXXXXXXXXXXXXXXXXXXXXXXXXXXX
; XXXXXXXXXXXXXXXXXXXXXXXXXXXXXXXXXXXXXXXXXXXXXXXXXXXXXXXXXXXX
; XXXXXXXXXXXXXXXXXXXXXXXXXXXXXXXXXXXXXXXXXXXXXXXXXXXXXXXXXXXX
; XXXXXXXXXXXXXXXXXXXXXXXXXXXXXXXXXXXXXXXXXXXXXXXXXXXXXXXXXXXX
; XXXXXXXXXXXXXXXXXXXXXXXXXXXXXXXXXXXXXXXXXXXXXXXXXXXXXXXXXXXX
; XXXXXXXXXXXXXXXXXXXXXXXXXXXXXXXXXXXXXXXXXXXXXXXXXXXXXXXXXXXX
; XXXXXXXXXXXXXXXXXXXXXXXXXXXXXXXXXXXXXXXXXXXXXXXXXXXXXXXXXXXX
; XXXXXXXXXXXXXXXXXXXXXXXXXXXXXXXXXXXXXXXXXXXXXXXXXXXXXXXXXXXX
; XXXXXXXXXXXXXXXXXXXXXXXXXXXXXXXXXXXXXXXXXXXXXXXXXXXXXXXXXXXX
; XXXXXXXXXXXXXXXXXXXXXXXXXXXXXXXXXXXXXXXXXXXXXXXXXXXXXXXXXXXX
; XXXXXXXXXXXXXXXXXXXXXXXXXXXXXXXXXXXXXXXXXXXXXXXXXXXXXXXXXXXX
; XXXXXXXXXXXXXXXXXXXXXXXXXXXXXXXXXXXXXXXXXXXXXXXXXXXXXXXXXXXX
; XXXXXXXXXXXXXXXXXXXXXXXXXXXXXXXXXXXXXXXXXXXXXXXXXXXXXXXXXXXX
; XXXXXXXXXXXXXXXXXXXXXXXXXXXXXXXXXXXXXXXXXXXXXXXXXXXXXXXXXXXX
; XXXXXXXXXXXXXXXXXXXXXXXXXXXXXXXXXXXXXXXXXXXXXXXXXXXXXXXXXXXX
; XXXXXXXXXXXXXXXXXXXXXXXXXXXXXXXXXXXXXXXXXXXXXXXXXXXXXXXXXXXX
; XXXXXXXXXXXXXXXXXXXXXXXXXXXXXXXXXXXXXXXXXXXXXXXXXXXXXXXXXXXX
; XXXXXXXXXXXXXXXXXXXXXXXXXXXXXXXXXXXXXXXXXXXXXXXXXXXXXXXXXXXX
; XXXXXXXXXXXXXXXXXXXXXXXXXXXXXXXXXXXXXXXXXXXXXXXXXXXXXXXXXXXX
; XXXXXXXXXXXXXXXXXXXXXXXXXXXXXXXXXXXXXXXXXXXXXXXXXXXXXXXXXXXX
; XXXXXXXXXXXXXXXXXXXXXXXXXXXXXXXXXXXXXXXXXXXXXXXXXXXXXXXXXXXX
; XXXXXXXXXXXXXXXXXXXXXXXXXXXXXXXXXXXXXXXXXXXXXXXXXXXXXXXXXXXX
; XXXXXXXXXXXXXXXXXXXXXXXXXXXXXXXXXXXXXXXXXXXXXXXXXXXXXXXXXXXX
; XXXXXXXXXXXXXXXXXXXXXXXXXXXXXXXXXXXXXXXXXXXXXXXXXXXXXXXXXXXX
; XXXXXXXXXXXXXXXXXXXXXXXXXXXXXXXXXXXXXXXXXXXXXXXXXXXXXXXXXXXX
; XXXXXXXXXXXXXXXXXXXXXXXXXXXXXXXXXXXXXXXXXXXXXXXXXXXXXXXXXXXX
; XXXXXXXXXXXXXXXXXXXXXXXXXXXXXXXXXXXXXXXXXXXXXXXXXXXXXXXXXXXX
; XXXXXXXXXXXXXXXXXXXXXXXXXXXXXXXXXXXXXXXXXXXXXXXXXXXXXXXXXXXX
