[Bootstrap]
SetupTitle=Instalar
SetupText=Copiando archivos, espere.
CabFile=FacturaElectronica.CAB
Spawn=Setup1.exe
Uninstal=st6unst.exe
TmpDir=msftqws.pdw
Cabs=1

[Bootstrap Files]
File1=@VB6STKIT.DLL,$(WinSysPathSysFile),,,7-15-00 12:00:00 AM,101888,6.0.84.50
File2=@COMCAT.DLL,$(WinSysPathSysFile),$(DLLSelfRegister),,6-1-98 12:00:00 AM,22288,4.71.1460.1
File3=@MSVCRT40.DLL,$(WinSysPathSysFile),,,6-1-98 12:00:00 AM,326656,4.21.0.0
File4=@VB6ES.DLL,$(WinSysPath),,$(Shared),10-2-00 12:00:00 AM,119568,6.0.89.88
File5=@stdole2.tlb,$(WinSysPathSysFile),$(TLBRegister),,4-14-08 9:00:00 AM,16896,5.1.2600.5512
File6=@asycfilt.dll,$(WinSysPathSysFile),,,3-5-10 11:38:41 AM,65536,5.1.2600.5949
File7=@olepro32.dll,$(WinSysPathSysFile),$(DLLSelfRegister),,4-14-08 9:00:00 AM,84992,5.1.2600.5512
File8=@oleaut32.dll,$(WinSysPathSysFile),$(DLLSelfRegister),,4-14-08 9:00:00 AM,551936,5.1.2600.5512
File9=@msvbvm60.dll,$(WinSysPathSysFile),$(DLLSelfRegister),,4-14-08 9:00:00 AM,1384479,6.0.98.2

[IconGroups]
Group0=electronica
PrivateGroup0=Falso
Parent0=$(Programs)

[electronica]
Icon1="FacturaElectronica.exe"
Title1=facturaelectronica
StartIn1=$(AppPath)

[Setup]
Title=facturaelectronica
DefaultDir=$(ProgramFiles)\facturaelectronica
AppExe=FacturaElectronica.exe
AppToUninstall=FacturaElectronica.exe

[Setup1 Files]
File1=@MDAC_TYP.EXE,$(AppPath),,,8-7-98 12:00:00 AM,6477888,4.72.3110.0
File2=@CMDLGES.DLL,$(WinSysPath),,$(Shared),7-28-98 12:00:00 AM,33280,6.0.81.63
File3=@COMDLG32.OCX,$(WinSysPath),$(DLLSelfRegister),$(Shared),3-9-04 5:45:36 PM,152848,6.1.97.82
File4=@MSCOMES.DLL,$(WinSysPath),,$(Shared),7-28-98 12:00:00 AM,14336,6.0.81.63
File5=@MSCOMM32.OCX,$(WinSysPath),$(DLLSelfRegister),$(Shared),6-24-98 12:00:00 AM,103744,6.0.81.69
File6=@WINSKES.DLL,$(WinSysPath),,$(Shared),7-28-98 1:00:00 AM,15360,6.0.81.63
File7=@MSWINSCK.OCX,$(WinSysPath),$(DLLSelfRegister),$(Shared),6-24-98 12:00:00 AM,108336,6.0.81.69
File8=@FM20.DLL,$(WinSysPath),$(DLLSelfRegister),$(Shared),8-17-09 11:33:52 PM,1193832,12.0.6514.5000
File9=@changeres.ocx,$(WinSysPath),$(DLLSelfRegister),$(Shared),1-11-99 11:28:40 AM,39424,1.0.0.1
File10=@Frame-Xp.ocx,$(WinSysPath),$(DLLSelfRegister),$(Shared),7-12-06 1:36:00 AM,77824,1.0.0.0
File11=@ADODCES.DLL,$(WinSysPath),,$(Shared),7-27-98 6:00:00 PM,15872,6.0.81.63
File12=@STDFTES.DLL,$(WinSysPath),,$(Shared),7-31-98 1:00:00 AM,6656,6.0.81.63
File13=@MSSTDFMT.DLL,$(WinSysPath),$(DLLSelfRegister),$(Shared),2-22-04 7:00:00 PM,119808,6.1.97.82
File14=@MSADODC.OCX,$(WinSysPath),$(DLLSelfRegister),$(Shared),6-24-98 1:00:00 AM,118064,6.0.81.71
File15=@MSCMCES.DLL,$(WinSysPath),,$(Shared),7-28-98 12:00:00 AM,140800,6.0.81.63
File16=@MSCOMCTL.OCX,$(WinSysPath),$(DLLSelfRegister),$(Shared),4-15-05 7:58:16 PM,1071088,6.1.97.86
File17=@FlexCell.ocx,$(WinSysPath),$(DLLSelfRegister),$(Shared),5-18-06 3:41:06 PM,1970176,5.1.0.0
File18=@envar_email.dll,$(WinSysPath),$(DLLSelfRegister),$(Shared),5-30-10 11:50:42 AM,139264,3.6.0.5
File19=@ChilkatXml.dll,$(WinSysPath),$(DLLSelfRegister),$(Shared),7-30-10 5:43:04 PM,1851392,5.3.9.1
File20=@WINWORD.EXE,$(AppPath),,,8-13-10 1:04:34 PM,408936,12.0.6545.5000
File21=@Ayuda.dll,$(WinSysPath),$(DLLSelfRegister),$(Shared),4-28-08 5:24:04 PM,53248,1.0.0.0
File22=@sqlventas.dll,$(WinSysPath),$(DLLSelfRegister),$(Shared),12-2-08 3:32:09 PM,57344,1.0.0.0
File23=@VB5DB.DLL,$(WinSysPath),,$(Shared),6-18-98 12:00:00 AM,89360,6.0.81.69
File24=@MSREPL35.DLL,$(WinSysPathSysFile),,,8-25-99 2:57:26 PM,415504,3.51.3225.0
File25=@MSRD2X35.DLL,$(WinSysPathSysFile),$(DLLSelfRegister),,4-25-98 12:00:00 AM,252176,3.51.623.0
File26=@expsrv.dll,$(WinSysPathSysFile),,,4-14-08 9:00:00 AM,380445,6.0.72.9590
File27=@vbajet32.dll,$(WinSysPathSysFile),,,4-14-08 9:00:00 AM,30749,6.0.1.9432
File28=@MSJINT35.DLL,$(WinSysPathSysFile),,,7-8-98 12:00:00 AM,146192,3.51.623.0
File29=@MSJTER35.DLL,$(WinSysPathSysFile),,,4-25-98 12:00:00 AM,24848,3.51.623.0
File30=@msjet35.dll,$(WinSysPathSysFile),$(DLLSelfRegister),,9-28-99 9:42:48 PM,1050896,3.51.3328.0
File31=@RDO20ES.DLL,$(WinSysPath),,$(Shared),7-28-98 1:00:00 AM,66048,6.0.81.63
File32=@RDOCURS.DLL,$(WinSysPath),,$(Shared),4-3-00 12:52:54 PM,151552,6.0.88.4
File33=@MSRDO20.DLL,$(WinSysPath),$(DLLSelfRegister),$(Shared),5-11-00 2:06:20 PM,397312,6.0.88.62
File34=@dao350.dll,$(MSDAOPath),$(DLLSelfRegister),$(Shared),4-8-98 8:42:24 AM,570128,3.51.1608.0
File35=@msado20.tlb,$(WinSysPath),,$(Shared),4-14-08 9:00:00 AM,61440,2.81.1132.0
File36=@iphlpapi.dll,$(WinSysPath),,$(Shared),4-14-08 9:00:00 AM,95232,5.1.2600.5512
File37=@FacturaElectronica.exe,$(AppPath),,,1-14-11 9:27:19 AM,3141632,1.0.0.0

; Puede eliminar las siguientes líneas para obtener espacio adicional 
; con el fin de personalizar este archivo en un disco de instalación completa.
; 
; XXXXXXXXXXXXXXXXXXXXXXXXXXXXXXXXXXXXXXXXXXXXXXXXXXXXXXXXXXXX
; XXXXXXXXXXXXXXXXXXXXXXXXXXXXXXXXXXXXXXXXXXXXXXXXXXXXXXXXXXXX
; XXXXXXXXXXXXXXXXXXXXXXXXXXXXXXXXXXXXXXXXXXXXXXXXXXXXXXXXXXXX
; XXXXXXXXXXXXXXXXXXXXXXXXXXXXXXXXXXXXXXXXXXXXXXXXXXXXXXXXXXXX
; XXXXXXXXXXXXXXXXXXXXXXXXXXXXXXXXXXXXXXXXXXXXXXXXXXXXXXXXXXXX
; XXXXXXXXXXXXXXXXXXXXXXXXXXXXXXXXXXXXXXXXXXXXXXXXXXXXXXXXXXXX
; XXXXXXXXXXXXXXXXXXXXXXXXXXXXXXXXXXXXXXXXXXXXXXXXXXXXXXXXXXXX
; XXXXXXXXXXXXXXXXXXXXXXXXXXXXXXXXXXXXXXXXXXXXXXXXXXXXXXXXXXXX
; XXXXXXXXXXXXXXXXXXXXXXXXXXXXXXXXXXXXXXXXXXXXXXXXXXXXXXXXXXXX
; XXXXXXXXXXXXXXXXXXXXXXXXXXXXXXXXXXXXXXXXXXXXXXXXXXXXXXXXXXXX
; XXXXXXXXXXXXXXXXXXXXXXXXXXXXXXXXXXXXXXXXXXXXXXXXXXXXXXXXXXXX
; XXXXXXXXXXXXXXXXXXXXXXXXXXXXXXXXXXXXXXXXXXXXXXXXXXXXXXXXXXXX
; XXXXXXXXXXXXXXXXXXXXXXXXXXXXXXXXXXXXXXXXXXXXXXXXXXXXXXXXXXXX
; XXXXXXXXXXXXXXXXXXXXXXXXXXXXXXXXXXXXXXXXXXXXXXXXXXXXXXXXXXXX
; XXXXXXXXXXXXXXXXXXXXXXXXXXXXXXXXXXXXXXXXXXXXXXXXXXXXXXXXXXXX
; XXXXXXXXXXXXXXXXXXXXXXXXXXXXXXXXXXXXXXXXXXXXXXXXXXXXXXXXXXXX
; XXXXXXXXXXXXXXXXXXXXXXXXXXXXXXXXXXXXXXXXXXXXXXXXXXXXXXXXXXXX
; XXXXXXXXXXXXXXXXXXXXXXXXXXXXXXXXXXXXXXXXXXXXXXXXXXXXXXXXXXXX
; XXXXXXXXXXXXXXXXXXXXXXXXXXXXXXXXXXXXXXXXXXXXXXXXXXXXXXXXXXXX
; XXXXXXXXXXXXXXXXXXXXXXXXXXXXXXXXXXXXXXXXXXXXXXXXXXXXXXXXXXXX
; XXXXXXXXXXXXXXXXXXXXXXXXXXXXXXXXXXXXXXXXXXXXXXXXXXXXXXXXXXXX
; XXXXXXXXXXXXXXXXXXXXXXXXXXXXXXXXXXXXXXXXXXXXXXXXXXXXXXXXXXXX
; XXXXXXXXXXXXXXXXXXXXXXXXXXXXXXXXXXXXXXXXXXXXXXXXXXXXXXXXXXXX
; XXXXXXXXXXXXXXXXXXXXXXXXXXXXXXXXXXXXXXXXXXXXXXXXXXXXXXXXXXXX
; XXXXXXXXXXXXXXXXXXXXXXXXXXXXXXXXXXXXXXXXXXXXXXXXXXXXXXXXXXXX
; XXXXXXXXXXXXXXXXXXXXXXXXXXXXXXXXXXXXXXXXXXXXXXXXXXXXXXXXXXXX
; XXXXXXXXXXXXXXXXXXXXXXXXXXXXXXXXXXXXXXXXXXXXXXXXXXXXXXXXXXXX
; XXXXXXXXXXXXXXXXXXXXXXXXXXXXXXXXXXXXXXXXXXXXXXXXXXXXXXXXXXXX
; XXXXXXXXXXXXXXXXXXXXXXXXXXXXXXXXXXXXXXXXXXXXXXXXXXXXXXXXXXXX
; XXXXXXXXXXXXXXXXXXXXXXXXXXXXXXXXXXXXXXXXXXXXXXXXXXXXXXXXXXXX
; XXXXXXXXXXXXXXXXXXXXXXXXXXXXXXXXXXXXXXXXXXXXXXXXXXXXXXXXXXXX
; XXXXXXXXXXXXXXXXXXXXXXXXXXXXXXXXXXXXXXXXXXXXXXXXXXXXXXXXXXXX
; XXXXXXXXXXXXXXXXXXXXXXXXXXXXXXXXXXXXXXXXXXXXXXXXXXXXXXXXXXXX
; XXXXXXXXXXXXXXXXXXXXXXXXXXXXXXXXXXXXXXXXXXXXXXXXXXXXXXXXXXXX
; XXXXXXXXXXXXXXXXXXXXXXXXXXXXXXXXXXXXXXXXXXXXXXXXXXXXXXXXXXXX
